// Jest Snapshot v1, https://goo.gl/fbAQLP

exports[`Async data handler renders the children with resolved data when data is available 1`] = `
<p>
  Some data
</p>
`;

exports[`Async data handler renders the error screen when error is provided 1`] = `
<div>
  <h3
    className="error_heading"
  >
    エラーが発生しました
  </h3>
  <p>
    It failed
  </p>
</div>
`;
