// Jest Snapshot v1, https://goo.gl/fbAQLP

exports[`index page renders correctly 1`] = `
<div
  className="page_wrapper"
>
  <article
    className="content"
  >
    <section
      className="pref_list"
    >
      <h2
        className="section_heading"
      >
        都道府県
      </h2>
      <div>
        Loading...
      </div>
    </section>
    <section
      className="population_graph"
    >
      <h2
        className="section_heading"
      >
        人口数
      </h2>
    </section>
  </article>
  <aside
    className="credits"
  >
    RESAS (地域経済分析システム) 提供のデータを加工して作成
  </aside>
</div>
`;
