// Jest Snapshot v1, https://goo.gl/fbAQLP

exports[`Header component renders the suggestion correctly when no populationChange is supplied 1`] = `
<div
  className="suggestion_area"
>
  <span
    className="suggestion_text"
  >
    都道府県リストから表示する都道府県を選択してください
  </span>
</div>
`;

exports[`Header component renders the suggestion correctly when no populationChange is supplied 2`] = `
<div
  className="graph_area"
>
  <canvas
    height={150}
    role="img"
    width={300}
  />
</div>
`;
